2026-06-30 05:26:12 Loaded main app package /usr/lib/obsidian/obsidian.asar
2026-06-30 05:26:12 Checking for update using Github
2026-06-30 05:26:13 Success.
2026-06-30 05:26:13 Latest version is 1.12.7
2026-06-30 05:26:13 App is up to date.
2026-06-30 05:37:10 Loaded main app package /usr/lib/obsidian/obsidian.asar
2026-06-30 05:37:10 Checking for update using Github
2026-06-30 05:37:11 Success.
2026-06-30 05:37:11 Latest version is 1.12.7
2026-06-30 05:37:11 App is up to date.
2026-07-02 07:10:23 Loaded main app package /usr/lib/obsidian/obsidian.asar
2026-07-02 07:10:23 Checking for update using Github
2026-07-02 07:10:24 Success.
2026-07-02 07:10:24 Latest version is 1.12.7
2026-07-02 07:10:24 App is up to date.
2026-07-02 07:12:31 Loaded main app package /usr/lib/obsidian/obsidian.asar
2026-07-02 07:12:32 Checking for update using Github
2026-07-02 07:12:32 Success.
2026-07-02 07:12:32 Latest version is 1.12.7
2026-07-02 07:12:32 App is up to date.
2026-07-04 16:39:28 Loaded main app package /usr/lib/obsidian/obsidian.asar
2026-07-04 16:39:28 Checking for update using Github
2026-07-04 16:39:28 Success.
2026-07-04 16:39:28 Latest version is 1.12.7
2026-07-04 16:39:28 App is up to date.
2026-07-04 17:39:27 Checking for update using Github
2026-07-04 17:39:27 Success.
2026-07-04 17:39:27 Latest version is 1.12.7
2026-07-04 17:39:27 App is up to date.
2026-07-05 15:03:33 Loaded main app package /usr/lib/obsidian/obsidian.asar
2026-07-05 15:03:33 Checking for update using Github
2026-07-05 15:03:34 Success.
2026-07-05 15:03:34 Latest version is 1.12.7
2026-07-05 15:03:34 App is up to date.
